[saberconscienteinstituto.com/curso-de-terapias-holisticas/index1644.html]
[backblue.gif]
[fade.gif]
[index.html]
[saberconscienteinstituto.com/curso-de-terapias-holisticas/index.html]
[saberconscienteinstituto.com/wp-content/uploads/2022/09/cropped-logo-azul-sem-fundo-32x32.png]
[saberconscienteinstituto.com/wp-content/uploads/2022/09/cropped-logo-azul-sem-fundo-192x192.png]
[saberconscienteinstituto.com/wp-content/uploads/2022/09/cropped-logo-azul-sem-fundo-180x180.png]
[saberconscienteinstituto.com/wp-content/uploads/2022/10/logo-lua.png]
[saberconscienteinstituto.com/wp-content/uploads/2023/05/video-aulas.png]
[saberconscienteinstituto.com/wp-content/uploads/2023/05/apostila.png]
[saberconscienteinstituto.com/wp-content/uploads/2023/05/suporte.png]
[saberconscienteinstituto.com/wp-content/uploads/2023/05/vitalicio-acesso.png]
[saberconscienteinstituto.com/wp-content/uploads/2023/05/certificado.png]
[saberconscienteinstituto.com/wp-content/uploads/2023/05/luciana-domingos-1-1.png]
[saberconscienteinstituto.com/wp-content/uploads/2023/05/ana-1.png]
[saberconscienteinstituto.com/wp-content/uploads/2023/05/alessandra.png]
[saberconscienteinstituto.com/wp-content/uploads/2023/05/francisco.png]
[saberconscienteinstituto.com/wp-content/uploads/2023/05/monica-almeida-1.jpg]
[saberconscienteinstituto.com/wp-content/uploads/2023/05/aline-conste-1.png]
[saberconscienteinstituto.com/wp-content/uploads/2023/05/leidiane-canhestro-1.png]
[saberconscienteinstituto.com/wp-content/uploads/2023/05/tiberio.png]
[saberconscienteinstituto.com/wp-content/uploads/2023/05/rogerio-temporim-1.jpg]
[saberconscienteinstituto.com/wp-content/uploads/2023/05/mariana.png]
[saberconscienteinstituto.com/wp-content/uploads/2023/05/simone.png]
[saberconscienteinstituto.com/wp-content/uploads/2023/05/jose.png]
[saberconscienteinstituto.com/wp-content/uploads/2023/05/fabiana.png]
[saberconscienteinstituto.com/wp-content/uploads/2023/05/viviane.png]
[saberconscienteinstituto.com/wp-content/uploads/2022/10/Fitot.png]
[saberconscienteinstituto.com/wp-content/uploads/2022/10/Moxaterapia.png]
[saberconscienteinstituto.com/wp-content/uploads/2022/10/Untitled-design-44.png]
[saberconscienteinstituto.com/wp-content/uploads/2022/10/florais-germain.png]
[saberconscienteinstituto.com/wp-content/uploads/2022/10/radi.png]
[saberconscienteinstituto.com/wp-content/uploads/2022/10/quantica.png]
[saberconscienteinstituto.com/wp-content/uploads/2022/10/cura-emocional-1.png]
[saberconscienteinstituto.com/wp-content/uploads/2022/10/Auriculo.png]
[saberconscienteinstituto.com/wp-content/uploads/2022/10/florais-minas.png]
[saberconscienteinstituto.com/wp-content/uploads/2022/10/mindfulness-1.png]
[saberconscienteinstituto.com/wp-content/uploads/2022/10/Cristalo.png]
[saberconscienteinstituto.com/wp-content/uploads/2022/10/ra.jpg]
[saberconscienteinstituto.com/wp-content/uploads/2022/10/Aromaterapia.png]
[saberconscienteinstituto.com/wp-content/uploads/2022/10/mtc-1.png]
[saberconscienteinstituto.com/wp-content/uploads/2022/10/reiki-celestial.jpg]
[saberconscienteinstituto.com/wp-content/uploads/2022/10/florais.png]
[saberconscienteinstituto.com/wp-content/uploads/2022/10/corpos-dimensionais.jpg]
[saberconscienteinstituto.com/wp-content/uploads/2022/10/cigano.png]
[saberconscienteinstituto.com/wp-content/uploads/2022/10/4054B2-1.jpg]
[saberconscienteinstituto.com/wp-content/uploads/2022/10/Cromo-1.png]
[saberconscienteinstituto.com/wp-content/uploads/2022/10/frequencia-vibracional.jpg]
[saberconscienteinstituto.com/wp-content/uploads/2022/10/reiki-animais.jpg]
[saberconscienteinstituto.com/wp-content/uploads/2022/10/ca.jpg]
[saberconscienteinstituto.com/wp-content/uploads/2023/04/selo-ath-sem-fundo.png]
[saberconscienteinstituto.com/wp-content/uploads/2023/04/registro-th-03745bn.jpg]
[saberconscienteinstituto.com/wp-content/uploads/2023/04/certificado-th-1000h.png]
[saberconscienteinstituto.com/wp-content/uploads/2022/10/tecnicas-de-atendimento.png]
[saberconscienteinstituto.com/wp-content/uploads/2022/10/tipos-de-clientes.png]
[saberconscienteinstituto.com/wp-content/uploads/2022/10/prosperidade-holistica.png]
[saberconscienteinstituto.com/wp-content/uploads/2022/10/Surpresa.png]
[saberconscienteinstituto.com/wp-content/uploads/2022/10/5-Estrelas-1.png]
[saberconscienteinstituto.com/wp-content/uploads/2022/10/ana-2.png]
[saberconscienteinstituto.com/wp-content/uploads/2023/05/cris-lima.jpg]
[saberconscienteinstituto.com/wp-content/uploads/2022/10/suelen-1.png]
[saberconscienteinstituto.com/wp-content/uploads/2022/10/sibele-1.png]
[saberconscienteinstituto.com/wp-content/uploads/2022/10/fran-1.png]
[saberconscienteinstituto.com/wp-content/uploads/2022/10/luciana-domingos-1-1.png]
[saberconscienteinstituto.com/wp-content/uploads/2022/10/cris.jpg]
[saberconscienteinstituto.com/wp-content/uploads/2022/10/fran.jpg]
[saberconscienteinstituto.com/wp-content/uploads/2022/10/sibele.jpg]
[saberconscienteinstituto.com/wp-content/uploads/2022/10/mulher-meditando.png]
[saberconscienteinstituto.com/wp-content/uploads/2022/09/inscricao-prt.png]
[saberconscienteinstituto.com/wp-content/uploads/2022/10/garantia-7-dias-1.png]
[saberconscienteinstituto.com/wp-includes/js/imagesloaded.minbb93.js]
[saberconscienteinstituto.com/wp-content/plugins/elementor-pro/assets/js/webpack-pro.runtime.minb403.js]
[saberconscienteinstituto.com/wp-content/plugins/elementor/assets/js/webpack.runtime.minf34d.js]
[saberconscienteinstituto.com/wp-includes/js/jquery/jquery.minf43b.js]
[saberconscienteinstituto.com/wp-includes/js/jquery/jquery-migrate.min5589.js]
[saberconscienteinstituto.com/wp-content/plugins/elementor/assets/js/frontend-modules.minf34d.js]
[saberconscienteinstituto.com/wp-includes/js/dist/hooks.min4fdd.js]
[saberconscienteinstituto.com/wp-includes/js/dist/i18n.minc33c.js]
[saberconscienteinstituto.com/wp-content/plugins/elementor-pro/assets/js/frontend.minb403.js]
[saberconscienteinstituto.com/wp-includes/js/jquery/ui/core.minb37e.js]
[saberconscienteinstituto.com/wp-content/plugins/elementor/assets/js/frontend.minf34d.js]
[saberconscienteinstituto.com/wp-content/plugins/elementor-pro/assets/js/elements-handlers.minb403.js]
[saberconscienteinstituto.com/curso-de-terapias-holisticas/index1644.html]
[saberconscienteinstituto.com/wp-content/themes/twentynineteen/style6aec.css]
[saberconscienteinstituto.com/wp-content/themes/twentynineteen/print6aec.css]
[saberconscienteinstituto.com/wp-content/plugins/elementor/assets/lib/eicons/css/elementor-icons.min444a.css]
[saberconscienteinstituto.com/wp-content/plugins/elementor/assets/css/frontend.minf34d.css]
[saberconscienteinstituto.com/wp-content/plugins/elementor/assets/lib/swiper/v8/css/swiper.min94a4.css]
[saberconscienteinstituto.com/wp-content/plugins/elementor/assets/css/conditionals/e-swiper.minf34d.css]
[saberconscienteinstituto.com/wp-content/uploads/elementor/css/post-14aa25.css]
[saberconscienteinstituto.com/wp-content/plugins/elementor-pro/assets/css/conditionals/popup.minb403.css]
[saberconscienteinstituto.com/wp-content/plugins/elementor/assets/css/widget-image.minf34d.css]
[saberconscienteinstituto.com/wp-content/plugins/elementor/assets/css/widget-heading.minf34d.css]
[saberconscienteinstituto.com/wp-content/plugins/elementor/assets/css/widget-text-editor.minf34d.css]
[saberconscienteinstituto.com/wp-content/plugins/elementor/assets/css/widget-image-box.minf34d.css]
[saberconscienteinstituto.com/wp-content/plugins/elementor/assets/css/widget-divider.minf34d.css]
[saberconscienteinstituto.com/wp-content/plugins/elementor-pro/assets/css/widget-testimonial-carousel.minb403.css]
[saberconscienteinstituto.com/wp-content/plugins/elementor-pro/assets/css/widget-carousel-module-base.minb403.css]
[saberconscienteinstituto.com/wp-content/plugins/elementor-pro/assets/css/widget-animated-headline.minb403.css]
[saberconscienteinstituto.com/wp-content/plugins/elementor/assets/css/conditionals/shapes.minf34d.css]
[saberconscienteinstituto.com/wp-content/plugins/elementor/assets/css/widget-testimonial.minf34d.css]
[saberconscienteinstituto.com/wp-content/plugins/elementor/assets/css/widget-menu-anchor.minf34d.css]
[saberconscienteinstituto.com/wp-content/plugins/elementor-pro/assets/css/widget-countdown.minb403.css]
[saberconscienteinstituto.com/wp-content/plugins/elementor/assets/css/widget-icon-list.minf34d.css]
[saberconscienteinstituto.com/wp-content/plugins/elementor/assets/lib/animations/styles/e-animation-pulse.minf34d.css]
[saberconscienteinstituto.com/wp-content/plugins/elementor/assets/css/widget-toggle.minf34d.css]
[saberconscienteinstituto.com/wp-content/plugins/elementor/assets/css/widget-social-icons.minf34d.css]
[saberconscienteinstituto.com/wp-content/plugins/elementor/assets/css/conditionals/apple-webkit.minf34d.css]
[saberconscienteinstituto.com/wp-content/uploads/elementor/css/post-4728e73.css]
[saberconscienteinstituto.com/wp-content/uploads/omgf/google-fonts-1/google-fonts-1c03e.css]
[saberconscienteinstituto.com/wp-content/plugins/elementor/assets/lib/font-awesome/css/fontawesome.min52d5.css]
[saberconscienteinstituto.com/wp-content/plugins/elementor/assets/lib/font-awesome/css/brands.min52d5.css]
[saberconscienteinstituto.com/wp-content/plugins/elementor/assets/lib/font-awesome/css/solid.min52d5.css]
[saberconscienteinstituto.com/wp-content/plugins/elementor/assets/lib/font-awesome/css/regular.min52d5.css]
[saberconscienteinstituto.com/wp-content/plugins/wp-rocket/assets/js/lazyload/17.8.3/lazyload.min.js]
[saberconscienteinstituto.com/curso-de-terapias-holisticas/index.html]
[www.googletagmanager.com/gtm5445.html]
[saberconscienteinstituto.com/curso-de-terapias-holisticas/Firefox/index.html]
[saberconscienteinstituto.com/curso-de-terapias-holisticas/Firefox/index.html]
